06112017101612
